BEGIN:VCARD
ADR;TYPE=parcel;TYPE=postal;TYPE=work:;;6544 Battleford Drive;Raleigh;NC;27
 613-3502;U.S.A.
EMAIL;TYPE=PREF:Frank_Dawson@Lotus.com
EMAIL:fdawson@earthlink.net
FN:Frank Dawson
N:;;;;
ORG:Lotus Development Corporation
TEL;TYPE=MSG;TYPE=VOICE;TYPE=WORK:+1-919-676-9515
TEL;TYPE=FAX;TYPE=WORK:+1-919-676-9564
UID:gDVbA6LY3t
URL:http://home.earthlink.net/~fdawson
VERSION:3.0
END:VCARD

