BEGIN:VCARD
EMAIL:hello@ximian.com
LABEL;TYPE=work:401 Park Drive  3 West\nBoston\, MA 02215\nUSA
N:;;;;
NOTE:Welcome to the Ximian Addressbook.
ORG:Ximian\, Inc.
TEL;TYPE=VOICE;TYPE=WORK:(617) 236-0442
TEL;TYPE=FAX;TYPE=WORK:(617) 236-8630
UID:pas-id-3E136F9B00000000
URL:www.ximian.com/
VERSION:3.0
X-EVOLUTION-FILE-AS:Ximian\, Inc.
END:VCARD

