BEGIN:VCARD
ADR;TYPE=work:;;501 E. Middlefield Rd.;Mountain View;CA; 94043;U.S.A.
EMAIL;TYPE=INTERNET:howes@netscape.com
FN:Tim Howes
N:;;;;
ORG:Netscape Communications Corp.
TEL;TYPE=MSG;TYPE=VOICE;TYPE=WORK:+1-415-937-3419
TEL;TYPE=FAX;TYPE=WORK:+1-415-528-4164
UID:1UgvYejJMs
VERSION:3.0
END:VCARD

